<!doctype html>
<html lang="en-US">
<head>
    <meta charset="UTF-8">
    <title></title>
</head>
<body>
<script src="http://example.com/js/app.js?rel=c248be2105"></script>
<script src="/js/script.js?rel=65cacd003b"></script>
</body>
</html>